Aquco_v1.1
AUGV
BEKN
CCID
EVOD
GBVZ
IRAF
NMGG
QTJY
UDHA
UPOG
VGHH
WFBF
XHKT
XMVD
YHFG
ZGQD
IWMW
FAKD
GRRW
RQUG
VQFW
SWOH
AALA
EHNF
XMQO
BSEY
QKMG
RSPO
VGVI
XGFU
XKPS
HAEU
QUTB
Betvu_v1.1
AAXJ
AZBL
BERS
BJKT
BKQU
BWRK
BYNZ
CPKP
CTYH
CUTE
CVDF
DVXD
EDIT
FYSJ
FZQN
GIWN
GJNX
HDSY
JAFJ
JGAB
JLOV
KJAA
LKKX
OLES
OMYK
RUUB
RXEN
SFKQ
SHEZ
SKNL
SMMC
TJES
VJPU
WGET
WMLW
WOBD
WQUF
YNFJ
AJFN
CWYJ
EDBB
MVSE
NTEO
OINM
SBZH
SUVN
TQKZ
WEQK
ASMV
QACK
AFQQ
AQZD
AUIP
BMSE
CFRN
DDRL
DESP
DOVJ
DUNJ
DUQG
EYKJ
FXGI
GIOY
GUMF
HUQC
IHPC
IXVJ
IZLO
JNKW
MHYG
OAGK
RFSD
TEZA
TPEM
UBLN
XRCX
ABEH
DKFZ
EMAL
HANM
SMUR
YQIJ
BFJL
FWBF
QURC
VTLJ
VUSY
ZETY
CAQZ
FFFY
GSZA
HLJG
JTRM
ZJRC
ADHK
AVJK
AXBO
BEFC
BNTL
DAAD
FNEN
HUSX
JEXA
JPDJ
KVFU
LRTN
NGRR
OXYP
PPPZ
PTFA
QAUE
SERM
VKJD
WRPP
YSRZ
CLMX
GIPR
SZUO
DSUV
ECTD
EDEQ
GGJD
HGSM
JCLQ
JGYZ
KPUM
KTWL
MGVU
PCNH
QEHE
UOYN
WQRD
QZZU
Mimgu_v2.0
ATYL
AYIY
BAHE
CLRW
COBX
DCCI
DMLT
DTNC
EAAA
EDXZ
EJBY
EJCM
EQDA
FAMO
FDMM
FROP
FUMQ
FYUH
GCFE
GDZS
GETL
GNPX
GNRI
GRFT
HRUR
IYDF
JCMU
KTAR
LRRR
MQIV
MZLD
NBMW
OWAS
PCGJ
PHCE
PSHB
PTBJ
PUCW
RWKR
SIBR
SNNC
TAGM
TKEK
TORX
UCNM
UMUL
UTQR
VYDM
WEAC
WHNV
XAYK
XISJ
XMBA
XXYA
YZGX
ZRIN
Solly_iTAGv2.3
AHRN
AIOU
ALUC
BOLZ
CPOC
JNVS
LWCK
MKZR
UGJI
CIAC
CKKR
CTSS
DAYQ
DRIL
ERIA
FCBJ
FYTP
HQRJ
HTIP
IUSR
KWGC
NUZN
OOVX
SLOI
SYHW
TOKV
UHBY
UWFU
YKFU
YKQR
ZJUL
Carpa_ASGPBv0.4
Arath_TAIR10
BXBF
CRNC
CSUV
CZPV
DZTK
HYZL
IPWB
JOIS
LVUS
MYZV
QSKP
RTTY
SWPE
TZWR
UAXP
VMNH
IHCQ
MFEA
PTLU
VYGG
AXAF
NNGU
OCTM
CMFF
GEHT
HJMP
JETM
JTQQ
KEGA
KNMB
KZED
NXOH
OHAE
OQHZ
QZXQ
RKFX
RKLL
RMWJ
SLYR
SUAK
TVSH
VLNB
XOOE
ZSSR
Phavu_v1.0
CWZU
DXQW
HENI
INSP
LNER
LWDA
NHUA
SVVG
TJLC
HDWF
YGCX
WWKL
AEPI
BNDE
CKDK
COAQ
EZZT
FWCQ
GLVK
HBUQ
LPGY
NFXV
PAZJ
PXYR
RPPC
RVGH
VNMY
VVPY
XNLP
XPBC
YGAT
ZBVT
ZTLR
Poptr_v3.0
ATFX
AWJM
KPTE
OLXF
PKMO
PUDI
WMUK
WYIG
ZSAB
Theca_v1.1
AJJE
ARYD
AYMT
FEDW
FGDU
RJNQ
SWGX
WWQZ
YNUE
JHCN
THHD
TIUZ
YZVJ
ACFP
AQGE
BJSW
BLVL
CQMG
DHAW
EAVM
EDHN
EILE
IANR
KYAD
NCVK
QIEH
QNOC
RBYC
SQCF
SXCE
TJQY
VCIN
WKCY
XFFT
XVJB
ZHEE
ZPKK
BCAA
FCCA
HBHB
IKFD
JSZD
OBTI
QICX
RJIM
UHJR
UVDC
VFFP
WAXR
YUOM
BBBA
BGZG
Vitvi_Genoscope.12X
KVAY
UDUT
ZHMB