JTT
JTT
JTT
JTT
JTTF
JTTDCMUT
JTTF
JTTF
JTT
JTT
JTT
JTT
JTT
JTT
JTT
JTT
JTT
JTT
JTT
JTT
JTT
JTT
JTT
JTT
JTT
JTT
LG
JTTDCMUT
JTT
JTT
JTT
JTT
JTT
JTT
JTT
JTT
JTTF
JTT
LG
LG
JTTF
JTT
JTTF
JTT
JTTDCMUTF
JTT
JTT
JTTF
JTTF
JTT
JTT
LG
HIVBF
LGF
JTT
JTT
JTT
JTT
JTTDCMUTF
JTT
JTT
JTT
JTTDCMUTF
JTTF
JTTF
JTT
JTT
JTT
JTT
JTTF
JTT
JTTDCMUT
JTT
JTT
JTT
JTT
JTT
JTT
JTT
JTT
JTT
JTT
JTT
JTT
JTTDCMUT
JTT
HIVBF
JTT
JTT
JTTF
JTT
JTT
JTT
JTT
JTT
JTT
JTT
JTT
JTT
JTT
JTT
JTT
JTTF
JTT
JTT
HIVBF
JTT
FLUF
JTT
JTT
JTT
JTT
JTT
JTT
JTT
MTMAMF
JTTDCMUT
JTT
JTTF
JTT
JTTF
JTTF
JTT
CPREV
JTT
JTTDCMUT
JTT
JTT
JTT
JTT
JTTF
JTT
JTT
JTTF
JTT
LG
JTT
JTT
LG
JTT
JTT
JTTF
JTTF
JTTDCMUT
JTT
JTTF
JTT
JTT
JTT
JTT
JTT
JTT
JTT
HIVBF
JTTDCMUT
JTTF
JTT
JTT
JTTF
JTT
JTTF
JTT
JTTDCMUT
JTT
JTTF
JTT
JTT
JTTF
JTTF
JTTDCMUT
JTT
JTT
JTT
JTT
JTT
JTTDCMUT
JTTF
JTT
JTT
JTT
JTTF
JTTF
JTT
JTT
JTTF
JTT
JTTDCMUTF
JTTF
JTTF
JTT
JTT
JTTF
JTT
JTTDCMUT
JTT
JTT
JTT
JTT
JTT
JTT
JTT
JTTF
JTT
JTT
JTT
JTT
JTT
CPREVF
JTT
JTT
JTT
JTT
JTT
JTTF
JTTDCMUT
JTT
JTTF
JTT
JTT
JTT
HIVBF
JTT
JTT
JTT
JTT
JTT
JTTDCMUT
JTTDCMUTF
JTTF
JTT
JTT
JTT
JTT
JTT
JTT
JTT
JTT
LG
JTT
JTT
JTTF
JTT
JTT
JTT
JTT
JTT
JTT
JTT
JTT
JTT
JTTF
JTT
JTTF
JTT
JTTF
HIVBF
JTTF
JTTF
JTT
JTT
JTT
JTT
JTT
JTTF
JTT
JTT
JTT
LG
JTTF
JTT
JTT
JTT
JTT
JTT
JTT
JTT
JTT
JTT
JTT
JTTDCMUTF
LG
JTT
JTT
JTT
HIVBF
JTTF
JTTF
JTT
LGF
LG
JTT
LG
JTTDCMUT
JTTF
LG
JTT
LG
JTT
JTT
JTTF
JTT
JTT
JTTF
JTT
JTT
JTT
HIVBF
JTT
JTT
JTT
JTT
JTTDCMUTF
JTTF
JTT
JTTF
JTT
JTTF
JTTF
JTTF
JTT
JTTF
JTT
JTT
JTT
JTT
JTT
JTT
JTT
JTT
JTT
JTT
JTT
JTT
JTT
JTTF
JTT
JTT
JTT
